// Jest Snapshot v1, https://goo.gl/fbAQLP

exports[`App Component should render app component 1`] = `
<div>
  <div
    class="App"
  >
    <div
      class="MuiBox-root css-i9gxme"
    >
      <header
        class="MuiPaper-root MuiPaper-elevation MuiPaper-elevation4 MuiAppBar-root MuiAppBar-colorPrimary MuiAppBar-positionStatic css-hip9hq-MuiPaper-root-MuiAppBar-root"
      >
        <div
          class="MuiToolbar-root MuiToolbar-gutters MuiToolbar-regular css-hyum1k-MuiToolbar-root"
        >
          <button
            aria-label="menu"
            class="MuiButtonBase-root MuiIconButton-root MuiIconButton-colorInherit MuiIconButton-edgeStart MuiIconButton-sizeLarge css-ancrnh-MuiButtonBase-root-MuiIconButton-root"
            tabindex="0"
            type="button"
          >
            <span
              class="MuiTouchRipple-root css-8je8zh-MuiTouchRipple-root"
            />
          </button>
          <div
            class="MuiTypography-root MuiTypography-h6 css-1juivf6-MuiTypography-root"
          >
            Rick and Morty Characters
          </div>
        </div>
      </header>
    </div>
    <div>
      <div>
        <div
          class="MuiBox-root css-8atqhb"
        >
          <span
            class="MuiLinearProgress-root MuiLinearProgress-colorPrimary MuiLinearProgress-indeterminate css-eglki6-MuiLinearProgress-root"
            role="progressbar"
          >
            <span
              class="MuiLinearProgress-bar MuiLinearProgress-barColorPrimary MuiLinearProgress-bar1Indeterminate css-5ir5xx-MuiLinearProgress-bar1"
            />
            <span
              class="MuiLinearProgress-bar MuiLinearProgress-barColorPrimary MuiLinearProgress-bar2Indeterminate css-1r8wrcl-MuiLinearProgress-bar2"
            />
          </span>
        </div>
      </div>
    </div>
  </div>
</div>
`;
